
MIDAS: Metagenomic Intra-species Diversity Analysis System
version 1.3.0; github.com/snayfach/MIDAS
Copyright (C) 2015-2016 Stephen Nayfach
Freely distributed under the GNU General Public License (GPLv3)

===========Parameters===========
Command: /dfs7/xuek5-lab/aespelet/tools/MIDAS/scripts/run_midas.py species workflow/out/midasOutput/XBB_064 -d /dfs7/xuek5-lab/shared/public_datasets/midas_db_v1.2 -1 /dfs7/xuek5-lab/shared/compressed_raw_data_backup/kxue/230314-16S-wgs-Phase5/e0026_XBB_064_TTCAAGTATG-CGATACCATC_L001_R1_001.fastq.gz -2 /dfs7/xuek5-lab/shared/compressed_raw_data_backup/kxue/230314-16S-wgs-Phase5/e0026_XBB_064_TTCAAGTATG-CGATACCATC_L001_R2_001.fastq.gz -t 1
Script: run_midas.py species
Database: /dfs7/xuek5-lab/shared/public_datasets/midas_db_v1.2
Output directory: workflow/out/midasOutput/XBB_064
Input reads (1st mate): /dfs7/xuek5-lab/shared/compressed_raw_data_backup/kxue/230314-16S-wgs-Phase5/e0026_XBB_064_TTCAAGTATG-CGATACCATC_L001_R1_001.fastq.gz
Input reads (2nd mate): /dfs7/xuek5-lab/shared/compressed_raw_data_backup/kxue/230314-16S-wgs-Phase5/e0026_XBB_064_TTCAAGTATG-CGATACCATC_L001_R2_001.fastq.gz
Remove temporary files: False
Word size for database search: 28
Minimum mapping alignment coverage: 0.75
Number of reads to use from input: use all
Number of threads for database search: 1
================================

Aligning reads to marker-genes database
  6.48 minutes
  0.73 Gb maximum memory

Classifying reads
  total alignments: 12384
  uniquely mapped reads: 921
  ambiguously mapped reads: 199
  0.01 minutes
  0.75 Gb maximum memory

Estimating species abundance
  total marker-gene coverage: 27.691
  0.0 minutes
  0.75 Gb maximum memory
