
MIDAS: Metagenomic Intra-species Diversity Analysis System
version 1.3.0; github.com/snayfach/MIDAS
Copyright (C) 2015-2016 Stephen Nayfach
Freely distributed under the GNU General Public License (GPLv3)

===========Parameters===========
Command: /dfs7/xuek5-lab/aespelet/tools/MIDAS/scripts/run_midas.py species workflow/out/midasOutput/XLA_036 -d /dfs7/xuek5-lab/shared/public_datasets/midas_db_v1.2 -1 /dfs7/xuek5-lab/shared/compressed_raw_data_backup/kxue/230703-16S-wgs-Phase6/e0026_GGTCTATTAA_AGTATGCTAC-GGTCTATTAA_L001_R1_001.fastq.gz -2 /dfs7/xuek5-lab/shared/compressed_raw_data_backup/kxue/230703-16S-wgs-Phase6/e0026_GGTCTATTAA_AGTATGCTAC-GGTCTATTAA_L001_R2_001.fastq.gz -t 1
Script: run_midas.py species
Database: /dfs7/xuek5-lab/shared/public_datasets/midas_db_v1.2
Output directory: workflow/out/midasOutput/XLA_036
Input reads (1st mate): /dfs7/xuek5-lab/shared/compressed_raw_data_backup/kxue/230703-16S-wgs-Phase6/e0026_GGTCTATTAA_AGTATGCTAC-GGTCTATTAA_L001_R1_001.fastq.gz
Input reads (2nd mate): /dfs7/xuek5-lab/shared/compressed_raw_data_backup/kxue/230703-16S-wgs-Phase6/e0026_GGTCTATTAA_AGTATGCTAC-GGTCTATTAA_L001_R2_001.fastq.gz
Remove temporary files: False
Word size for database search: 28
Minimum mapping alignment coverage: 0.75
Number of reads to use from input: use all
Number of threads for database search: 1
================================

Aligning reads to marker-genes database
  15.14 minutes
  0.74 Gb maximum memory

Classifying reads
  total alignments: 20560
  uniquely mapped reads: 1586
  ambiguously mapped reads: 417
  0.01 minutes
  0.75 Gb maximum memory

Estimating species abundance
  total marker-gene coverage: 50.158
  0.0 minutes
  0.75 Gb maximum memory
