Assuming unrestricted shared filesystem usage.
host: login-i16
Building DAG of jobs...
Using shell: /usr/bin/bash
Provided cores: 1 (use --cores to define parallelism)
Rules claiming more threads will be scaled down.
Job stats:
job      count
-----  -------
hello        1
total        1

Select jobs to execute...
Execute 1 jobs...
[Thu Feb 19 11:22:09 2026]
localrule hello:
    output: test.txt
    jobid: 0
    reason: Missing output files: test.txt
    resources: tmpdir=/tmp
[Thu Feb 19 11:22:09 2026]
Finished jobid: 0 (Rule: hello)
1 of 1 steps (100%) done
Complete log(s): /dfs7/xuek5-lab/aespelet/myrepos/abx-response-invitro/.snakemake/log/2026-02-19T112209.234105.snakemake.log
