Assuming unrestricted shared filesystem usage.
host: login-i17
Building DAG of jobs...
Using shell: /usr/bin/bash
Provided cores: 1 (use --cores to define parallelism)
Rules claiming more threads will be scaled down.
Job stats:
job                         count
------------------------  -------
profileSpeciesAbundances        1
total                           1

Select jobs to execute...
Execute 1 jobs...
RuleException in rule profileSpeciesAbundances in file "/dfs7/xuek5-lab/aespelet/myrepos/abx-response-invitro/workflow/rules/runMIDAS.smk", line 2:
NameError: The name 'PYTHONPATH' is unknown in this context. Please make sure that you defined that variable. Also note that braces not used for variable access have to be escaped by repeating them, i.e. {{print $1}}, when formatting the following:

        set -euo pipefail
    
        mkdir -p $(dirname {log})
    
        source /dfs7/xuek5-lab/aespelet/miniforge3/etc/profile.d/conda.sh
        conda activate midas_runtime2
    
        # Ensure this env's tools are used
        export PATH="$CONDA_PREFIX/bin:$PATH"
        export PYTHONPATH="/dfs7/xuek5-lab/aespelet/tools/MIDAS:${PYTHONPATH:-}"
    
        python /dfs7/xuek5-lab/aespelet/tools/MIDAS/scripts/run_midas.py species workflow/out/midasOutput/{wildcards.sample} \
            -1 {input.r1} -2 {input.r2} -t {threads} \
            &> {log}
        
