Assuming unrestricted shared filesystem usage.
host: hpc3-l18-05
Building DAG of jobs...
Using shell: /usr/bin/bash
Provided cores: 2
Rules claiming more threads will be scaled down.
Job stats:
job                                   count
----------------------------------  -------
all                                       1
annotateSpeciesAbundancesBySubject      185
concatenateSpeciesAbundances              1
profileSpeciesAbundances                184
total                                   371

Select jobs to execute...
Execute 2 jobs...
[Mon Mar  9 22:27:05 2026]
localrule profileSpeciesAbundances:
    input: /dfs7/xuek5-lab/shared/compressed_raw_data_backup/kxue/230703-16S-wgs-Phase6/e0026_GTAACAATCT_TTCACGAGAC-GTAACAATCT_L001_R1_001.fastq.gz, /dfs7/xuek5-lab/shared/compressed_raw_data_backup/kxue/230703-16S-wgs-Phase6/e0026_GTAACAATCT_TTCACGAGAC-GTAACAATCT_L001_R2_001.fastq.gz
    output: workflow/out/midasOutput/XKA_036/species/species_profile.txt
    log: workflow/logs/midas_species/XKA_036.log
    jobid: 199
    reason: Missing output files: workflow/out/midasOutput/XKA_036/species/species_profile.txt
    wildcards: sample=XKA_036
    resources: tmpdir=/tmp/aespelet/49485178
[Mon Mar  9 22:27:05 2026]
localrule profileSpeciesAbundances:
    input: /dfs7/xuek5-lab/shared/compressed_raw_data_backup/kxue/230703-16S-wgs-Phase6/e0026_GAGGAAGTAA_ACTAGCGCTA-GAGGAAGTAA_L001_R1_001.fastq.gz, /dfs7/xuek5-lab/shared/compressed_raw_data_backup/kxue/230703-16S-wgs-Phase6/e0026_GAGGAAGTAA_ACTAGCGCTA-GAGGAAGTAA_L001_R2_001.fastq.gz
    output: workflow/out/midasOutput/XOA_064/species/species_profile.txt
    log: workflow/logs/midas_species/XOA_064.log
    jobid: 263
    reason: Missing output files: workflow/out/midasOutput/XOA_064/species/species_profile.txt
    wildcards: sample=XOA_064
    resources: tmpdir=/tmp/aespelet/49485178
Select jobs to execute...
[Mon Mar  9 22:53:32 2026]
Finished jobid: 199 (Rule: profileSpeciesAbundances)
1 of 371 steps (0.3%) done
Execute 1 jobs...
[Mon Mar  9 22:53:32 2026]
localrule profileSpeciesAbundances:
    input: /dfs7/xuek5-lab/shared/compressed_raw_data_backup/kxue/230703-16S-wgs-Phase6/e0026_CGCGAACGTC_TCTCAATACC-CGCGAACGTC_L001_R1_001.fastq.gz, /dfs7/xuek5-lab/shared/compressed_raw_data_backup/kxue/230703-16S-wgs-Phase6/e0026_CGCGAACGTC_TCTCAATACC-CGCGAACGTC_L001_R2_001.fastq.gz
    output: workflow/out/midasOutput/XRB_002/species/species_profile.txt
    log: workflow/logs/midas_species/XRB_002.log
    jobid: 313
    reason: Missing output files: workflow/out/midasOutput/XRB_002/species/species_profile.txt
    wildcards: sample=XRB_002
    resources: tmpdir=/tmp/aespelet/49485178
Select jobs to execute...
Terminating processes on user request, this might take some time.
RuleException:
CalledProcessError in file "/dfs7/xuek5-lab/aespelet/myrepos/abx-response-invitro/workflow/rules/runMIDAS.smk", line 15:
Command 'set -euo pipefail;  
        set -euo pipefail
    
        mkdir -p $(dirname workflow/logs/midas_species/XOA_064.log)
    
        source /dfs7/xuek5-lab/aespelet/miniforge3/etc/profile.d/conda.sh
        conda activate midas_runtime2
    
        export PATH="$CONDA_PREFIX/bin:$PATH"
        export PYTHONPATH="/dfs7/xuek5-lab/aespelet/tools/MIDAS:${PYTHONPATH:-}"
    
       python /dfs7/xuek5-lab/aespelet/tools/MIDAS/scripts/run_midas.py species workflow/out/midasOutput/XOA_064 \
       -d /dfs7/xuek5-lab/shared/public_datasets/midas_db_v1.2 \
       -1 /dfs7/xuek5-lab/shared/compressed_raw_data_backup/kxue/230703-16S-wgs-Phase6/e0026_GAGGAAGTAA_ACTAGCGCTA-GAGGAAGTAA_L001_R1_001.fastq.gz -2 /dfs7/xuek5-lab/shared/compressed_raw_data_backup/kxue/230703-16S-wgs-Phase6/e0026_GAGGAAGTAA_ACTAGCGCTA-GAGGAAGTAA_L001_R2_001.fastq.gz -t 1 \
        &> workflow/logs/midas_species/XOA_064.log' returned non-zero exit status 1.
[Mon Mar  9 23:03:34 2026]
Error in rule profileSpeciesAbundances:
    message: None
    jobid: 263
    input: /dfs7/xuek5-lab/shared/compressed_raw_data_backup/kxue/230703-16S-wgs-Phase6/e0026_GAGGAAGTAA_ACTAGCGCTA-GAGGAAGTAA_L001_R1_001.fastq.gz, /dfs7/xuek5-lab/shared/compressed_raw_data_backup/kxue/230703-16S-wgs-Phase6/e0026_GAGGAAGTAA_ACTAGCGCTA-GAGGAAGTAA_L001_R2_001.fastq.gz
    output: workflow/out/midasOutput/XOA_064/species/species_profile.txt
    log: workflow/logs/midas_species/XOA_064.log (check log file(s) for error details)
    shell:
        
        set -euo pipefail
    
        mkdir -p $(dirname workflow/logs/midas_species/XOA_064.log)
    
        source /dfs7/xuek5-lab/aespelet/miniforge3/etc/profile.d/conda.sh
        conda activate midas_runtime2
    
        export PATH="$CONDA_PREFIX/bin:$PATH"
        export PYTHONPATH="/dfs7/xuek5-lab/aespelet/tools/MIDAS:${PYTHONPATH:-}"
    
       python /dfs7/xuek5-lab/aespelet/tools/MIDAS/scripts/run_midas.py species workflow/out/midasOutput/XOA_064 \
       -d /dfs7/xuek5-lab/shared/public_datasets/midas_db_v1.2 \
       -1 /dfs7/xuek5-lab/shared/compressed_raw_data_backup/kxue/230703-16S-wgs-Phase6/e0026_GAGGAAGTAA_ACTAGCGCTA-GAGGAAGTAA_L001_R1_001.fastq.gz -2 /dfs7/xuek5-lab/shared/compressed_raw_data_backup/kxue/230703-16S-wgs-Phase6/e0026_GAGGAAGTAA_ACTAGCGCTA-GAGGAAGTAA_L001_R2_001.fastq.gz -t 1 \
        &> workflow/logs/midas_species/XOA_064.log
        
        (command exited with non-zero exit code)
RuleException:
CalledProcessError in file "/dfs7/xuek5-lab/aespelet/myrepos/abx-response-invitro/workflow/rules/runMIDAS.smk", line 15:
Command 'set -euo pipefail;  
        set -euo pipefail
    
        mkdir -p $(dirname workflow/logs/midas_species/XRB_002.log)
    
        source /dfs7/xuek5-lab/aespelet/miniforge3/etc/profile.d/conda.sh
        conda activate midas_runtime2
    
        export PATH="$CONDA_PREFIX/bin:$PATH"
        export PYTHONPATH="/dfs7/xuek5-lab/aespelet/tools/MIDAS:${PYTHONPATH:-}"
    
       python /dfs7/xuek5-lab/aespelet/tools/MIDAS/scripts/run_midas.py species workflow/out/midasOutput/XRB_002 \
       -d /dfs7/xuek5-lab/shared/public_datasets/midas_db_v1.2 \
       -1 /dfs7/xuek5-lab/shared/compressed_raw_data_backup/kxue/230703-16S-wgs-Phase6/e0026_CGCGAACGTC_TCTCAATACC-CGCGAACGTC_L001_R1_001.fastq.gz -2 /dfs7/xuek5-lab/shared/compressed_raw_data_backup/kxue/230703-16S-wgs-Phase6/e0026_CGCGAACGTC_TCTCAATACC-CGCGAACGTC_L001_R2_001.fastq.gz -t 1 \
        &> workflow/logs/midas_species/XRB_002.log' returned non-zero exit status 1.
[Mon Mar  9 23:03:34 2026]
Error in rule profileSpeciesAbundances:
    message: None
    jobid: 313
    input: /dfs7/xuek5-lab/shared/compressed_raw_data_backup/kxue/230703-16S-wgs-Phase6/e0026_CGCGAACGTC_TCTCAATACC-CGCGAACGTC_L001_R1_001.fastq.gz, /dfs7/xuek5-lab/shared/compressed_raw_data_backup/kxue/230703-16S-wgs-Phase6/e0026_CGCGAACGTC_TCTCAATACC-CGCGAACGTC_L001_R2_001.fastq.gz
    output: workflow/out/midasOutput/XRB_002/species/species_profile.txt
    log: workflow/logs/midas_species/XRB_002.log (check log file(s) for error details)
    shell:
        
        set -euo pipefail
    
        mkdir -p $(dirname workflow/logs/midas_species/XRB_002.log)
    
        source /dfs7/xuek5-lab/aespelet/miniforge3/etc/profile.d/conda.sh
        conda activate midas_runtime2
    
        export PATH="$CONDA_PREFIX/bin:$PATH"
        export PYTHONPATH="/dfs7/xuek5-lab/aespelet/tools/MIDAS:${PYTHONPATH:-}"
    
       python /dfs7/xuek5-lab/aespelet/tools/MIDAS/scripts/run_midas.py species workflow/out/midasOutput/XRB_002 \
       -d /dfs7/xuek5-lab/shared/public_datasets/midas_db_v1.2 \
       -1 /dfs7/xuek5-lab/shared/compressed_raw_data_backup/kxue/230703-16S-wgs-Phase6/e0026_CGCGAACGTC_TCTCAATACC-CGCGAACGTC_L001_R1_001.fastq.gz -2 /dfs7/xuek5-lab/shared/compressed_raw_data_backup/kxue/230703-16S-wgs-Phase6/e0026_CGCGAACGTC_TCTCAATACC-CGCGAACGTC_L001_R2_001.fastq.gz -t 1 \
        &> workflow/logs/midas_species/XRB_002.log
        
        (command exited with non-zero exit code)
Complete log(s): /dfs7/xuek5-lab/aespelet/myrepos/abx-response-invitro/.snakemake/log/2026-03-09T222705.141242.snakemake.log
WorkflowError:
At least one job did not complete successfully.
