Assuming unrestricted shared filesystem usage.
host: hpc3-l18-05
Building DAG of jobs...
Using shell: /usr/bin/bash
Provided cores: 4
Rules claiming more threads will be scaled down.
Job stats:
job                                   count
----------------------------------  -------
all                                       1
annotateSpeciesAbundancesBySubject      185
concatenateSpeciesAbundances              1
profileSpeciesAbundances                185
total                                   372

Select jobs to execute...
Execute 4 jobs...
[Mon Mar  9 21:49:51 2026]
localrule profileSpeciesAbundances:
    input: /dfs7/xuek5-lab/shared/compressed_raw_data_backup/kxue/230703-16S-wgs-Phase6/e0026_CCGTCCTCAA_TGCAAGATAA-CCGTCCTCAA_L001_R1_001.fastq.gz, /dfs7/xuek5-lab/shared/compressed_raw_data_backup/kxue/230703-16S-wgs-Phase6/e0026_CCGTCCTCAA_TGCAAGATAA-CCGTCCTCAA_L001_R2_001.fastq.gz
    output: workflow/out/midasOutput/XRB_059/species/species_profile.txt
    log: workflow/logs/midas_species/XRB_059.log
    jobid: 319
    reason: Missing output files: workflow/out/midasOutput/XRB_059/species/species_profile.txt
    wildcards: sample=XRB_059
    resources: tmpdir=/tmp/aespelet/49485178
[Mon Mar  9 21:49:52 2026]
localrule profileSpeciesAbundances:
    input: /dfs7/xuek5-lab/shared/compressed_raw_data_backup/kxue/230314-16S-wgs-Phase5/e0026_XAD_029_AGGAGTCGAG-GTAAGCCTAA_L001_R1_001.fastq.gz, /dfs7/xuek5-lab/shared/compressed_raw_data_backup/kxue/230314-16S-wgs-Phase5/e0026_XAD_029_AGGAGTCGAG-GTAAGCCTAA_L001_R2_001.fastq.gz
    output: workflow/out/midasOutput/XAD_029/species/species_profile.txt
    log: workflow/logs/midas_species/XAD_029.log
    jobid: 21
    reason: Missing output files: workflow/out/midasOutput/XAD_029/species/species_profile.txt
    wildcards: sample=XAD_029
    resources: tmpdir=/tmp/aespelet/49485178
[Mon Mar  9 21:49:52 2026]
localrule profileSpeciesAbundances:
    input: /dfs7/xuek5-lab/shared/compressed_raw_data_backup/kxue/230314-16S-wgs-Phase5/e0026_XHB_029_TTACGCACCT-CAACGAGAGC_L001_R1_001.fastq.gz, /dfs7/xuek5-lab/shared/compressed_raw_data_backup/kxue/230314-16S-wgs-Phase5/e0026_XHB_029_TTACGCACCT-CAACGAGAGC_L001_R2_001.fastq.gz
    output: workflow/out/midasOutput/XHB_029/species/species_profile.txt
    log: workflow/logs/midas_species/XHB_029.log
    jobid: 141
    reason: Missing output files: workflow/out/midasOutput/XHB_029/species/species_profile.txt
    wildcards: sample=XHB_029
    resources: tmpdir=/tmp/aespelet/49485178
[Mon Mar  9 21:49:52 2026]
localrule profileSpeciesAbundances:
    input: /dfs7/xuek5-lab/shared/compressed_raw_data_backup/kxue/230703-16S-wgs-Phase6/e0026_TGCCGGTCAG_TCCTGGTTGT-TGCCGGTCAG_L001_R1_001.fastq.gz, /dfs7/xuek5-lab/shared/compressed_raw_data_backup/kxue/230703-16S-wgs-Phase6/e0026_TGCCGGTCAG_TCCTGGTTGT-TGCCGGTCAG_L001_R2_001.fastq.gz
    output: workflow/out/midasOutput/XKB_001/species/species_profile.txt
    log: workflow/logs/midas_species/XKB_001.log
    jobid: 203
    reason: Missing output files: workflow/out/midasOutput/XKB_001/species/species_profile.txt
    wildcards: sample=XKB_001
    resources: tmpdir=/tmp/aespelet/49485178
Select jobs to execute...
RuleException:
CalledProcessError in file "/dfs7/xuek5-lab/aespelet/myrepos/abx-response-invitro/workflow/rules/runMIDAS.smk", line 15:
Command 'set -euo pipefail;  
        set -euo pipefail
    
        mkdir -p $(dirname workflow/logs/midas_species/XHB_029.log)
    
        source /dfs7/xuek5-lab/aespelet/miniforge3/etc/profile.d/conda.sh
        conda activate midas_runtime2
    
        export PATH="$CONDA_PREFIX/bin:$PATH"
        export PYTHONPATH="/dfs7/xuek5-lab/aespelet/tools/MIDAS:${PYTHONPATH:-}"
    
       python /dfs7/xuek5-lab/aespelet/tools/MIDAS/scripts/run_midas.py species workflow/out/midasOutput/XHB_029 \
       -d /dfs7/xuek5-lab/shared/public_datasets/midas_db_v1.2 \
       -1 /dfs7/xuek5-lab/shared/compressed_raw_data_backup/kxue/230314-16S-wgs-Phase5/e0026_XHB_029_TTACGCACCT-CAACGAGAGC_L001_R1_001.fastq.gz -2 /dfs7/xuek5-lab/shared/compressed_raw_data_backup/kxue/230314-16S-wgs-Phase5/e0026_XHB_029_TTACGCACCT-CAACGAGAGC_L001_R2_001.fastq.gz -t 1 \
        &> workflow/logs/midas_species/XHB_029.log' returned non-zero exit status 1.
[Mon Mar  9 22:01:04 2026]
Error in rule profileSpeciesAbundances:
    message: None
    jobid: 141
    input: /dfs7/xuek5-lab/shared/compressed_raw_data_backup/kxue/230314-16S-wgs-Phase5/e0026_XHB_029_TTACGCACCT-CAACGAGAGC_L001_R1_001.fastq.gz, /dfs7/xuek5-lab/shared/compressed_raw_data_backup/kxue/230314-16S-wgs-Phase5/e0026_XHB_029_TTACGCACCT-CAACGAGAGC_L001_R2_001.fastq.gz
    output: workflow/out/midasOutput/XHB_029/species/species_profile.txt
    log: workflow/logs/midas_species/XHB_029.log (check log file(s) for error details)
    shell:
        
        set -euo pipefail
    
        mkdir -p $(dirname workflow/logs/midas_species/XHB_029.log)
    
        source /dfs7/xuek5-lab/aespelet/miniforge3/etc/profile.d/conda.sh
        conda activate midas_runtime2
    
        export PATH="$CONDA_PREFIX/bin:$PATH"
        export PYTHONPATH="/dfs7/xuek5-lab/aespelet/tools/MIDAS:${PYTHONPATH:-}"
    
       python /dfs7/xuek5-lab/aespelet/tools/MIDAS/scripts/run_midas.py species workflow/out/midasOutput/XHB_029 \
       -d /dfs7/xuek5-lab/shared/public_datasets/midas_db_v1.2 \
       -1 /dfs7/xuek5-lab/shared/compressed_raw_data_backup/kxue/230314-16S-wgs-Phase5/e0026_XHB_029_TTACGCACCT-CAACGAGAGC_L001_R1_001.fastq.gz -2 /dfs7/xuek5-lab/shared/compressed_raw_data_backup/kxue/230314-16S-wgs-Phase5/e0026_XHB_029_TTACGCACCT-CAACGAGAGC_L001_R2_001.fastq.gz -t 1 \
        &> workflow/logs/midas_species/XHB_029.log
        
        (command exited with non-zero exit code)
RuleException:
CalledProcessError in file "/dfs7/xuek5-lab/aespelet/myrepos/abx-response-invitro/workflow/rules/runMIDAS.smk", line 15:
Command 'set -euo pipefail;  
        set -euo pipefail
    
        mkdir -p $(dirname workflow/logs/midas_species/XAD_029.log)
    
        source /dfs7/xuek5-lab/aespelet/miniforge3/etc/profile.d/conda.sh
        conda activate midas_runtime2
    
        export PATH="$CONDA_PREFIX/bin:$PATH"
        export PYTHONPATH="/dfs7/xuek5-lab/aespelet/tools/MIDAS:${PYTHONPATH:-}"
    
       python /dfs7/xuek5-lab/aespelet/tools/MIDAS/scripts/run_midas.py species workflow/out/midasOutput/XAD_029 \
       -d /dfs7/xuek5-lab/shared/public_datasets/midas_db_v1.2 \
       -1 /dfs7/xuek5-lab/shared/compressed_raw_data_backup/kxue/230314-16S-wgs-Phase5/e0026_XAD_029_AGGAGTCGAG-GTAAGCCTAA_L001_R1_001.fastq.gz -2 /dfs7/xuek5-lab/shared/compressed_raw_data_backup/kxue/230314-16S-wgs-Phase5/e0026_XAD_029_AGGAGTCGAG-GTAAGCCTAA_L001_R2_001.fastq.gz -t 1 \
        &> workflow/logs/midas_species/XAD_029.log' returned non-zero exit status 1.
[Mon Mar  9 22:01:05 2026]
Error in rule profileSpeciesAbundances:
    message: None
    jobid: 21
    input: /dfs7/xuek5-lab/shared/compressed_raw_data_backup/kxue/230314-16S-wgs-Phase5/e0026_XAD_029_AGGAGTCGAG-GTAAGCCTAA_L001_R1_001.fastq.gz, /dfs7/xuek5-lab/shared/compressed_raw_data_backup/kxue/230314-16S-wgs-Phase5/e0026_XAD_029_AGGAGTCGAG-GTAAGCCTAA_L001_R2_001.fastq.gz
    output: workflow/out/midasOutput/XAD_029/species/species_profile.txt
    log: workflow/logs/midas_species/XAD_029.log (check log file(s) for error details)
    shell:
        
        set -euo pipefail
    
        mkdir -p $(dirname workflow/logs/midas_species/XAD_029.log)
    
        source /dfs7/xuek5-lab/aespelet/miniforge3/etc/profile.d/conda.sh
        conda activate midas_runtime2
    
        export PATH="$CONDA_PREFIX/bin:$PATH"
        export PYTHONPATH="/dfs7/xuek5-lab/aespelet/tools/MIDAS:${PYTHONPATH:-}"
    
       python /dfs7/xuek5-lab/aespelet/tools/MIDAS/scripts/run_midas.py species workflow/out/midasOutput/XAD_029 \
       -d /dfs7/xuek5-lab/shared/public_datasets/midas_db_v1.2 \
       -1 /dfs7/xuek5-lab/shared/compressed_raw_data_backup/kxue/230314-16S-wgs-Phase5/e0026_XAD_029_AGGAGTCGAG-GTAAGCCTAA_L001_R1_001.fastq.gz -2 /dfs7/xuek5-lab/shared/compressed_raw_data_backup/kxue/230314-16S-wgs-Phase5/e0026_XAD_029_AGGAGTCGAG-GTAAGCCTAA_L001_R2_001.fastq.gz -t 1 \
        &> workflow/logs/midas_species/XAD_029.log
        
        (command exited with non-zero exit code)
Terminating processes on user request, this might take some time.
RuleException:
CalledProcessError in file "/dfs7/xuek5-lab/aespelet/myrepos/abx-response-invitro/workflow/rules/runMIDAS.smk", line 15:
Command 'set -euo pipefail;  
        set -euo pipefail
    
        mkdir -p $(dirname workflow/logs/midas_species/XRB_059.log)
    
        source /dfs7/xuek5-lab/aespelet/miniforge3/etc/profile.d/conda.sh
        conda activate midas_runtime2
    
        export PATH="$CONDA_PREFIX/bin:$PATH"
        export PYTHONPATH="/dfs7/xuek5-lab/aespelet/tools/MIDAS:${PYTHONPATH:-}"
    
       python /dfs7/xuek5-lab/aespelet/tools/MIDAS/scripts/run_midas.py species workflow/out/midasOutput/XRB_059 \
       -d /dfs7/xuek5-lab/shared/public_datasets/midas_db_v1.2 \
       -1 /dfs7/xuek5-lab/shared/compressed_raw_data_backup/kxue/230703-16S-wgs-Phase6/e0026_CCGTCCTCAA_TGCAAGATAA-CCGTCCTCAA_L001_R1_001.fastq.gz -2 /dfs7/xuek5-lab/shared/compressed_raw_data_backup/kxue/230703-16S-wgs-Phase6/e0026_CCGTCCTCAA_TGCAAGATAA-CCGTCCTCAA_L001_R2_001.fastq.gz -t 1 \
        &> workflow/logs/midas_species/XRB_059.log' returned non-zero exit status 1.
[Mon Mar  9 22:06:51 2026]
Error in rule profileSpeciesAbundances:
    message: None
    jobid: 319
    input: /dfs7/xuek5-lab/shared/compressed_raw_data_backup/kxue/230703-16S-wgs-Phase6/e0026_CCGTCCTCAA_TGCAAGATAA-CCGTCCTCAA_L001_R1_001.fastq.gz, /dfs7/xuek5-lab/shared/compressed_raw_data_backup/kxue/230703-16S-wgs-Phase6/e0026_CCGTCCTCAA_TGCAAGATAA-CCGTCCTCAA_L001_R2_001.fastq.gz
    output: workflow/out/midasOutput/XRB_059/species/species_profile.txt
    log: workflow/logs/midas_species/XRB_059.log (check log file(s) for error details)
    shell:
        
        set -euo pipefail
    
        mkdir -p $(dirname workflow/logs/midas_species/XRB_059.log)
    
        source /dfs7/xuek5-lab/aespelet/miniforge3/etc/profile.d/conda.sh
        conda activate midas_runtime2
    
        export PATH="$CONDA_PREFIX/bin:$PATH"
        export PYTHONPATH="/dfs7/xuek5-lab/aespelet/tools/MIDAS:${PYTHONPATH:-}"
    
       python /dfs7/xuek5-lab/aespelet/tools/MIDAS/scripts/run_midas.py species workflow/out/midasOutput/XRB_059 \
       -d /dfs7/xuek5-lab/shared/public_datasets/midas_db_v1.2 \
       -1 /dfs7/xuek5-lab/shared/compressed_raw_data_backup/kxue/230703-16S-wgs-Phase6/e0026_CCGTCCTCAA_TGCAAGATAA-CCGTCCTCAA_L001_R1_001.fastq.gz -2 /dfs7/xuek5-lab/shared/compressed_raw_data_backup/kxue/230703-16S-wgs-Phase6/e0026_CCGTCCTCAA_TGCAAGATAA-CCGTCCTCAA_L001_R2_001.fastq.gz -t 1 \
        &> workflow/logs/midas_species/XRB_059.log
        
        (command exited with non-zero exit code)
RuleException:
CalledProcessError in file "/dfs7/xuek5-lab/aespelet/myrepos/abx-response-invitro/workflow/rules/runMIDAS.smk", line 15:
Command 'set -euo pipefail;  
        set -euo pipefail
    
        mkdir -p $(dirname workflow/logs/midas_species/XKB_001.log)
    
        source /dfs7/xuek5-lab/aespelet/miniforge3/etc/profile.d/conda.sh
        conda activate midas_runtime2
    
        export PATH="$CONDA_PREFIX/bin:$PATH"
        export PYTHONPATH="/dfs7/xuek5-lab/aespelet/tools/MIDAS:${PYTHONPATH:-}"
    
       python /dfs7/xuek5-lab/aespelet/tools/MIDAS/scripts/run_midas.py species workflow/out/midasOutput/XKB_001 \
       -d /dfs7/xuek5-lab/shared/public_datasets/midas_db_v1.2 \
       -1 /dfs7/xuek5-lab/shared/compressed_raw_data_backup/kxue/230703-16S-wgs-Phase6/e0026_TGCCGGTCAG_TCCTGGTTGT-TGCCGGTCAG_L001_R1_001.fastq.gz -2 /dfs7/xuek5-lab/shared/compressed_raw_data_backup/kxue/230703-16S-wgs-Phase6/e0026_TGCCGGTCAG_TCCTGGTTGT-TGCCGGTCAG_L001_R2_001.fastq.gz -t 1 \
        &> workflow/logs/midas_species/XKB_001.log' returned non-zero exit status 1.
[Mon Mar  9 22:06:51 2026]
Error in rule profileSpeciesAbundances:
    message: None
    jobid: 203
    input: /dfs7/xuek5-lab/shared/compressed_raw_data_backup/kxue/230703-16S-wgs-Phase6/e0026_TGCCGGTCAG_TCCTGGTTGT-TGCCGGTCAG_L001_R1_001.fastq.gz, /dfs7/xuek5-lab/shared/compressed_raw_data_backup/kxue/230703-16S-wgs-Phase6/e0026_TGCCGGTCAG_TCCTGGTTGT-TGCCGGTCAG_L001_R2_001.fastq.gz
    output: workflow/out/midasOutput/XKB_001/species/species_profile.txt
    log: workflow/logs/midas_species/XKB_001.log (check log file(s) for error details)
    shell:
        
        set -euo pipefail
    
        mkdir -p $(dirname workflow/logs/midas_species/XKB_001.log)
    
        source /dfs7/xuek5-lab/aespelet/miniforge3/etc/profile.d/conda.sh
        conda activate midas_runtime2
    
        export PATH="$CONDA_PREFIX/bin:$PATH"
        export PYTHONPATH="/dfs7/xuek5-lab/aespelet/tools/MIDAS:${PYTHONPATH:-}"
    
       python /dfs7/xuek5-lab/aespelet/tools/MIDAS/scripts/run_midas.py species workflow/out/midasOutput/XKB_001 \
       -d /dfs7/xuek5-lab/shared/public_datasets/midas_db_v1.2 \
       -1 /dfs7/xuek5-lab/shared/compressed_raw_data_backup/kxue/230703-16S-wgs-Phase6/e0026_TGCCGGTCAG_TCCTGGTTGT-TGCCGGTCAG_L001_R1_001.fastq.gz -2 /dfs7/xuek5-lab/shared/compressed_raw_data_backup/kxue/230703-16S-wgs-Phase6/e0026_TGCCGGTCAG_TCCTGGTTGT-TGCCGGTCAG_L001_R2_001.fastq.gz -t 1 \
        &> workflow/logs/midas_species/XKB_001.log
        
        (command exited with non-zero exit code)
Complete log(s): /dfs7/xuek5-lab/aespelet/myrepos/abx-response-invitro/.snakemake/log/2026-03-09T214951.282481.snakemake.log
WorkflowError:
At least one job did not complete successfully.
