Assuming unrestricted shared filesystem usage.
host: login-i17
Building DAG of jobs...
Using shell: /usr/bin/bash
Provided cores: 1 (use --cores to define parallelism)
Rules claiming more threads will be scaled down.
Job stats:
job                                   count
----------------------------------  -------
annotateSpeciesAbundancesBySubject        1
profileSpeciesAbundances                  1
total                                     2

Select jobs to execute...
Execute 1 jobs...
[Sat Mar  7 18:29:07 2026]
localrule profileSpeciesAbundances:
    input: /dfs7/xuek5-lab/shared/compressed_raw_data_backup/kxue/230314-16S-wgs-Phase5/e0026_XBA_029_ATTGAGGTCC-ATATAATCCG_L001_R1_001.fastq.gz, /dfs7/xuek5-lab/shared/compressed_raw_data_backup/kxue/230314-16S-wgs-Phase5/e0026_XBA_029_ATTGAGGTCC-ATATAATCCG_L001_R2_001.fastq.gz
    output: workflow/out/midasOutput/XBA_029/species/species_profile.txt
    log: workflow/logs/midas_species/XBA_029.log
    jobid: 1
    reason: Missing output files: workflow/out/midasOutput/XBA_029/species/species_profile.txt; Code has changed since last execution
    wildcards: sample=XBA_029
    resources: tmpdir=/tmp
[Sat Mar  7 19:08:38 2026]
Finished jobid: 1 (Rule: profileSpeciesAbundances)
1 of 2 steps (50%) done
Select jobs to execute...
Execute 1 jobs...
[Sat Mar  7 19:08:38 2026]
localrule annotateSpeciesAbundancesBySubject:
    input: workflow/out/midasOutput/XBA_029/species/species_profile.txt
    output: workflow/out/midasOutput/XBA_029/species/species_profile_subject.txt
    jobid: 0
    reason: Input files updated by another job: workflow/out/midasOutput/XBA_029/species/species_profile.txt
    wildcards: sample=XBA_029
    resources: tmpdir=/tmp
[Sat Mar  7 19:08:38 2026]
Finished jobid: 0 (Rule: annotateSpeciesAbundancesBySubject)
2 of 2 steps (100%) done
Complete log(s): /dfs7/xuek5-lab/aespelet/myrepos/abx-response-invitro/.snakemake/log/2026-03-07T182855.960130.snakemake.log
