Assuming unrestricted shared filesystem usage.
host: hpc3-14-11
Building DAG of jobs...
Using shell: /usr/bin/bash
Provided cores: 4
Rules claiming more threads will be scaled down.
Job stats:
job                                   count
----------------------------------  -------
all                                       1
annotateSpeciesAbundancesBySubject      185
concatenateSpeciesAbundances              1
profileSpeciesAbundances                183
total                                   370

Select jobs to execute...
Execute 4 jobs...
[Tue Mar 10 07:44:03 2026]
localrule profileSpeciesAbundances:
    input: /dfs7/xuek5-lab/shared/compressed_raw_data_backup/kxue/230703-16S-wgs-Phase6/e0026_AGGCTGAACG_GCTTCATATT-AGGCTGAACG_L001_R1_001.fastq.gz, /dfs7/xuek5-lab/shared/compressed_raw_data_backup/kxue/230703-16S-wgs-Phase6/e0026_AGGCTGAACG_GCTTCATATT-AGGCTGAACG_L001_R2_001.fastq.gz
    output: workflow/out/midasOutput/XOA_036/species/species_profile.txt
    log: workflow/logs/midas_species/XOA_036.log
    jobid: 261
    reason: Missing output files: workflow/out/midasOutput/XOA_036/species/species_profile.txt
    wildcards: sample=XOA_036
    resources: tmpdir=/tmp/aespelet/49488993
[Tue Mar 10 07:44:03 2026]
localrule profileSpeciesAbundances:
    input: /dfs7/xuek5-lab/shared/compressed_raw_data_backup/kxue/230703-16S-wgs-Phase6/e0026_CTGCGAGCCA_ATTGGCTTCT-CTGCGAGCCA_L001_R1_001.fastq.gz, /dfs7/xuek5-lab/shared/compressed_raw_data_backup/kxue/230703-16S-wgs-Phase6/e0026_CTGCGAGCCA_ATTGGCTTCT-CTGCGAGCCA_L001_R2_001.fastq.gz
    output: workflow/out/midasOutput/XVB_036/species/species_profile.txt
    log: workflow/logs/midas_species/XVB_036.log
    jobid: 381
    reason: Missing output files: workflow/out/midasOutput/XVB_036/species/species_profile.txt
    wildcards: sample=XVB_036
    resources: tmpdir=/tmp/aespelet/49488993
[Tue Mar 10 07:44:03 2026]
localrule profileSpeciesAbundances:
    input: /dfs7/xuek5-lab/shared/compressed_raw_data_backup/kxue/230703-16S-wgs-Phase6/e0026_CATTGGTCAA_GCGTGGATGG-CATTGGTCAA_L001_R1_001.fastq.gz, /dfs7/xuek5-lab/shared/compressed_raw_data_backup/kxue/230703-16S-wgs-Phase6/e0026_CATTGGTCAA_GCGTGGATGG-CATTGGTCAA_L001_R2_001.fastq.gz
    output: workflow/out/midasOutput/XKA_064/species/species_profile.txt
    log: workflow/logs/midas_species/XKA_064.log
    jobid: 201
    reason: Missing output files: workflow/out/midasOutput/XKA_064/species/species_profile.txt
    wildcards: sample=XKA_064
    resources: tmpdir=/tmp/aespelet/49488993
[Tue Mar 10 07:44:03 2026]
localrule profileSpeciesAbundances:
    input: /dfs7/xuek5-lab/shared/compressed_raw_data_backup/kxue/230703-16S-wgs-Phase6/e0026_GAGGAAGTAA_ACTAGCGCTA-GAGGAAGTAA_L001_R1_001.fastq.gz, /dfs7/xuek5-lab/shared/compressed_raw_data_backup/kxue/230703-16S-wgs-Phase6/e0026_GAGGAAGTAA_ACTAGCGCTA-GAGGAAGTAA_L001_R2_001.fastq.gz
    output: workflow/out/midasOutput/XOA_064/species/species_profile.txt
    log: workflow/logs/midas_species/XOA_064.log
    jobid: 263
    reason: Missing output files: workflow/out/midasOutput/XOA_064/species/species_profile.txt
    wildcards: sample=XOA_064
    resources: tmpdir=/tmp/aespelet/49488993
Select jobs to execute...
RuleException:
CalledProcessError in file "/dfs7/xuek5-lab/aespelet/myrepos/abx-response-invitro/workflow/rules/runMIDAS.smk", line 15:
Command 'set -euo pipefail;  
        set -euo pipefail
    
        mkdir -p $(dirname workflow/logs/midas_species/XVB_036.log)
    
        source /dfs7/xuek5-lab/aespelet/miniforge3/etc/profile.d/conda.sh
        conda activate midas_runtime2
    
        export PATH="$CONDA_PREFIX/bin:$PATH"
        export PYTHONPATH="/dfs7/xuek5-lab/aespelet/tools/MIDAS:${PYTHONPATH:-}"
    
       python /dfs7/xuek5-lab/aespelet/tools/MIDAS/scripts/run_midas.py species workflow/out/midasOutput/XVB_036 \
       -d /dfs7/xuek5-lab/shared/public_datasets/midas_db_v1.2 \
       -1 /dfs7/xuek5-lab/shared/compressed_raw_data_backup/kxue/230703-16S-wgs-Phase6/e0026_CTGCGAGCCA_ATTGGCTTCT-CTGCGAGCCA_L001_R1_001.fastq.gz -2 /dfs7/xuek5-lab/shared/compressed_raw_data_backup/kxue/230703-16S-wgs-Phase6/e0026_CTGCGAGCCA_ATTGGCTTCT-CTGCGAGCCA_L001_R2_001.fastq.gz -t 1 \
        &> workflow/logs/midas_species/XVB_036.log' returned non-zero exit status 1.
RuleException:
CalledProcessError in file "/dfs7/xuek5-lab/aespelet/myrepos/abx-response-invitro/workflow/rules/runMIDAS.smk", line 15:
Command 'set -euo pipefail;  
        set -euo pipefail
    
        mkdir -p $(dirname workflow/logs/midas_species/XOA_036.log)
    
        source /dfs7/xuek5-lab/aespelet/miniforge3/etc/profile.d/conda.sh
        conda activate midas_runtime2
    
        export PATH="$CONDA_PREFIX/bin:$PATH"
        export PYTHONPATH="/dfs7/xuek5-lab/aespelet/tools/MIDAS:${PYTHONPATH:-}"
    
       python /dfs7/xuek5-lab/aespelet/tools/MIDAS/scripts/run_midas.py species workflow/out/midasOutput/XOA_036 \
       -d /dfs7/xuek5-lab/shared/public_datasets/midas_db_v1.2 \
       -1 /dfs7/xuek5-lab/shared/compressed_raw_data_backup/kxue/230703-16S-wgs-Phase6/e0026_AGGCTGAACG_GCTTCATATT-AGGCTGAACG_L001_R1_001.fastq.gz -2 /dfs7/xuek5-lab/shared/compressed_raw_data_backup/kxue/230703-16S-wgs-Phase6/e0026_AGGCTGAACG_GCTTCATATT-AGGCTGAACG_L001_R2_001.fastq.gz -t 1 \
        &> workflow/logs/midas_species/XOA_036.log' returned non-zero exit status 1.
[Tue Mar 10 07:44:09 2026]
Error in rule profileSpeciesAbundances:
    message: None
    jobid: 381
    input: /dfs7/xuek5-lab/shared/compressed_raw_data_backup/kxue/230703-16S-wgs-Phase6/e0026_CTGCGAGCCA_ATTGGCTTCT-CTGCGAGCCA_L001_R1_001.fastq.gz, /dfs7/xuek5-lab/shared/compressed_raw_data_backup/kxue/230703-16S-wgs-Phase6/e0026_CTGCGAGCCA_ATTGGCTTCT-CTGCGAGCCA_L001_R2_001.fastq.gz
    output: workflow/out/midasOutput/XVB_036/species/species_profile.txt
    log: workflow/logs/midas_species/XVB_036.log (check log file(s) for error details)
    shell:
        
        set -euo pipefail
    
        mkdir -p $(dirname workflow/logs/midas_species/XVB_036.log)
    
        source /dfs7/xuek5-lab/aespelet/miniforge3/etc/profile.d/conda.sh
        conda activate midas_runtime2
    
        export PATH="$CONDA_PREFIX/bin:$PATH"
        export PYTHONPATH="/dfs7/xuek5-lab/aespelet/tools/MIDAS:${PYTHONPATH:-}"
    
       python /dfs7/xuek5-lab/aespelet/tools/MIDAS/scripts/run_midas.py species workflow/out/midasOutput/XVB_036 \
       -d /dfs7/xuek5-lab/shared/public_datasets/midas_db_v1.2 \
       -1 /dfs7/xuek5-lab/shared/compressed_raw_data_backup/kxue/230703-16S-wgs-Phase6/e0026_CTGCGAGCCA_ATTGGCTTCT-CTGCGAGCCA_L001_R1_001.fastq.gz -2 /dfs7/xuek5-lab/shared/compressed_raw_data_backup/kxue/230703-16S-wgs-Phase6/e0026_CTGCGAGCCA_ATTGGCTTCT-CTGCGAGCCA_L001_R2_001.fastq.gz -t 1 \
        &> workflow/logs/midas_species/XVB_036.log
        
        (command exited with non-zero exit code)
[Tue Mar 10 07:44:09 2026]
Error in rule profileSpeciesAbundances:
    message: None
    jobid: 261
    input: /dfs7/xuek5-lab/shared/compressed_raw_data_backup/kxue/230703-16S-wgs-Phase6/e0026_AGGCTGAACG_GCTTCATATT-AGGCTGAACG_L001_R1_001.fastq.gz, /dfs7/xuek5-lab/shared/compressed_raw_data_backup/kxue/230703-16S-wgs-Phase6/e0026_AGGCTGAACG_GCTTCATATT-AGGCTGAACG_L001_R2_001.fastq.gz
    output: workflow/out/midasOutput/XOA_036/species/species_profile.txt
    log: workflow/logs/midas_species/XOA_036.log (check log file(s) for error details)
    shell:
        
        set -euo pipefail
    
        mkdir -p $(dirname workflow/logs/midas_species/XOA_036.log)
    
        source /dfs7/xuek5-lab/aespelet/miniforge3/etc/profile.d/conda.sh
        conda activate midas_runtime2
    
        export PATH="$CONDA_PREFIX/bin:$PATH"
        export PYTHONPATH="/dfs7/xuek5-lab/aespelet/tools/MIDAS:${PYTHONPATH:-}"
    
       python /dfs7/xuek5-lab/aespelet/tools/MIDAS/scripts/run_midas.py species workflow/out/midasOutput/XOA_036 \
       -d /dfs7/xuek5-lab/shared/public_datasets/midas_db_v1.2 \
       -1 /dfs7/xuek5-lab/shared/compressed_raw_data_backup/kxue/230703-16S-wgs-Phase6/e0026_AGGCTGAACG_GCTTCATATT-AGGCTGAACG_L001_R1_001.fastq.gz -2 /dfs7/xuek5-lab/shared/compressed_raw_data_backup/kxue/230703-16S-wgs-Phase6/e0026_AGGCTGAACG_GCTTCATATT-AGGCTGAACG_L001_R2_001.fastq.gz -t 1 \
        &> workflow/logs/midas_species/XOA_036.log
        
        (command exited with non-zero exit code)
RuleException:
CalledProcessError in file "/dfs7/xuek5-lab/aespelet/myrepos/abx-response-invitro/workflow/rules/runMIDAS.smk", line 15:
Command 'set -euo pipefail;  
        set -euo pipefail
    
        mkdir -p $(dirname workflow/logs/midas_species/XOA_064.log)
    
        source /dfs7/xuek5-lab/aespelet/miniforge3/etc/profile.d/conda.sh
        conda activate midas_runtime2
    
        export PATH="$CONDA_PREFIX/bin:$PATH"
        export PYTHONPATH="/dfs7/xuek5-lab/aespelet/tools/MIDAS:${PYTHONPATH:-}"
    
       python /dfs7/xuek5-lab/aespelet/tools/MIDAS/scripts/run_midas.py species workflow/out/midasOutput/XOA_064 \
       -d /dfs7/xuek5-lab/shared/public_datasets/midas_db_v1.2 \
       -1 /dfs7/xuek5-lab/shared/compressed_raw_data_backup/kxue/230703-16S-wgs-Phase6/e0026_GAGGAAGTAA_ACTAGCGCTA-GAGGAAGTAA_L001_R1_001.fastq.gz -2 /dfs7/xuek5-lab/shared/compressed_raw_data_backup/kxue/230703-16S-wgs-Phase6/e0026_GAGGAAGTAA_ACTAGCGCTA-GAGGAAGTAA_L001_R2_001.fastq.gz -t 1 \
        &> workflow/logs/midas_species/XOA_064.log' returned non-zero exit status 1.
[Tue Mar 10 07:44:09 2026]
Error in rule profileSpeciesAbundances:
    message: None
    jobid: 263
    input: /dfs7/xuek5-lab/shared/compressed_raw_data_backup/kxue/230703-16S-wgs-Phase6/e0026_GAGGAAGTAA_ACTAGCGCTA-GAGGAAGTAA_L001_R1_001.fastq.gz, /dfs7/xuek5-lab/shared/compressed_raw_data_backup/kxue/230703-16S-wgs-Phase6/e0026_GAGGAAGTAA_ACTAGCGCTA-GAGGAAGTAA_L001_R2_001.fastq.gz
    output: workflow/out/midasOutput/XOA_064/species/species_profile.txt
    log: workflow/logs/midas_species/XOA_064.log (check log file(s) for error details)
    shell:
        
        set -euo pipefail
    
        mkdir -p $(dirname workflow/logs/midas_species/XOA_064.log)
    
        source /dfs7/xuek5-lab/aespelet/miniforge3/etc/profile.d/conda.sh
        conda activate midas_runtime2
    
        export PATH="$CONDA_PREFIX/bin:$PATH"
        export PYTHONPATH="/dfs7/xuek5-lab/aespelet/tools/MIDAS:${PYTHONPATH:-}"
    
       python /dfs7/xuek5-lab/aespelet/tools/MIDAS/scripts/run_midas.py species workflow/out/midasOutput/XOA_064 \
       -d /dfs7/xuek5-lab/shared/public_datasets/midas_db_v1.2 \
       -1 /dfs7/xuek5-lab/shared/compressed_raw_data_backup/kxue/230703-16S-wgs-Phase6/e0026_GAGGAAGTAA_ACTAGCGCTA-GAGGAAGTAA_L001_R1_001.fastq.gz -2 /dfs7/xuek5-lab/shared/compressed_raw_data_backup/kxue/230703-16S-wgs-Phase6/e0026_GAGGAAGTAA_ACTAGCGCTA-GAGGAAGTAA_L001_R2_001.fastq.gz -t 1 \
        &> workflow/logs/midas_species/XOA_064.log
        
        (command exited with non-zero exit code)
RuleException:
CalledProcessError in file "/dfs7/xuek5-lab/aespelet/myrepos/abx-response-invitro/workflow/rules/runMIDAS.smk", line 15:
Command 'set -euo pipefail;  
        set -euo pipefail
    
        mkdir -p $(dirname workflow/logs/midas_species/XKA_064.log)
    
        source /dfs7/xuek5-lab/aespelet/miniforge3/etc/profile.d/conda.sh
        conda activate midas_runtime2
    
        export PATH="$CONDA_PREFIX/bin:$PATH"
        export PYTHONPATH="/dfs7/xuek5-lab/aespelet/tools/MIDAS:${PYTHONPATH:-}"
    
       python /dfs7/xuek5-lab/aespelet/tools/MIDAS/scripts/run_midas.py species workflow/out/midasOutput/XKA_064 \
       -d /dfs7/xuek5-lab/shared/public_datasets/midas_db_v1.2 \
       -1 /dfs7/xuek5-lab/shared/compressed_raw_data_backup/kxue/230703-16S-wgs-Phase6/e0026_CATTGGTCAA_GCGTGGATGG-CATTGGTCAA_L001_R1_001.fastq.gz -2 /dfs7/xuek5-lab/shared/compressed_raw_data_backup/kxue/230703-16S-wgs-Phase6/e0026_CATTGGTCAA_GCGTGGATGG-CATTGGTCAA_L001_R2_001.fastq.gz -t 1 \
        &> workflow/logs/midas_species/XKA_064.log' returned non-zero exit status 1.
[Tue Mar 10 07:44:09 2026]
Error in rule profileSpeciesAbundances:
    message: None
    jobid: 201
    input: /dfs7/xuek5-lab/shared/compressed_raw_data_backup/kxue/230703-16S-wgs-Phase6/e0026_CATTGGTCAA_GCGTGGATGG-CATTGGTCAA_L001_R1_001.fastq.gz, /dfs7/xuek5-lab/shared/compressed_raw_data_backup/kxue/230703-16S-wgs-Phase6/e0026_CATTGGTCAA_GCGTGGATGG-CATTGGTCAA_L001_R2_001.fastq.gz
    output: workflow/out/midasOutput/XKA_064/species/species_profile.txt
    log: workflow/logs/midas_species/XKA_064.log (check log file(s) for error details)
    shell:
        
        set -euo pipefail
    
        mkdir -p $(dirname workflow/logs/midas_species/XKA_064.log)
    
        source /dfs7/xuek5-lab/aespelet/miniforge3/etc/profile.d/conda.sh
        conda activate midas_runtime2
    
        export PATH="$CONDA_PREFIX/bin:$PATH"
        export PYTHONPATH="/dfs7/xuek5-lab/aespelet/tools/MIDAS:${PYTHONPATH:-}"
    
       python /dfs7/xuek5-lab/aespelet/tools/MIDAS/scripts/run_midas.py species workflow/out/midasOutput/XKA_064 \
       -d /dfs7/xuek5-lab/shared/public_datasets/midas_db_v1.2 \
       -1 /dfs7/xuek5-lab/shared/compressed_raw_data_backup/kxue/230703-16S-wgs-Phase6/e0026_CATTGGTCAA_GCGTGGATGG-CATTGGTCAA_L001_R1_001.fastq.gz -2 /dfs7/xuek5-lab/shared/compressed_raw_data_backup/kxue/230703-16S-wgs-Phase6/e0026_CATTGGTCAA_GCGTGGATGG-CATTGGTCAA_L001_R2_001.fastq.gz -t 1 \
        &> workflow/logs/midas_species/XKA_064.log
        
        (command exited with non-zero exit code)
Shutting down, this might take some time.
Exiting because a job execution failed. Look below for error messages
[Tue Mar 10 07:44:09 2026]
Error in rule profileSpeciesAbundances:
    message: None
    jobid: 381
    input: /dfs7/xuek5-lab/shared/compressed_raw_data_backup/kxue/230703-16S-wgs-Phase6/e0026_CTGCGAGCCA_ATTGGCTTCT-CTGCGAGCCA_L001_R1_001.fastq.gz, /dfs7/xuek5-lab/shared/compressed_raw_data_backup/kxue/230703-16S-wgs-Phase6/e0026_CTGCGAGCCA_ATTGGCTTCT-CTGCGAGCCA_L001_R2_001.fastq.gz
    output: workflow/out/midasOutput/XVB_036/species/species_profile.txt
    log: workflow/logs/midas_species/XVB_036.log (check log file(s) for error details)
    shell:
        
        set -euo pipefail
    
        mkdir -p $(dirname workflow/logs/midas_species/XVB_036.log)
    
        source /dfs7/xuek5-lab/aespelet/miniforge3/etc/profile.d/conda.sh
        conda activate midas_runtime2
    
        export PATH="$CONDA_PREFIX/bin:$PATH"
        export PYTHONPATH="/dfs7/xuek5-lab/aespelet/tools/MIDAS:${PYTHONPATH:-}"
    
       python /dfs7/xuek5-lab/aespelet/tools/MIDAS/scripts/run_midas.py species workflow/out/midasOutput/XVB_036 \
       -d /dfs7/xuek5-lab/shared/public_datasets/midas_db_v1.2 \
       -1 /dfs7/xuek5-lab/shared/compressed_raw_data_backup/kxue/230703-16S-wgs-Phase6/e0026_CTGCGAGCCA_ATTGGCTTCT-CTGCGAGCCA_L001_R1_001.fastq.gz -2 /dfs7/xuek5-lab/shared/compressed_raw_data_backup/kxue/230703-16S-wgs-Phase6/e0026_CTGCGAGCCA_ATTGGCTTCT-CTGCGAGCCA_L001_R2_001.fastq.gz -t 1 \
        &> workflow/logs/midas_species/XVB_036.log
        
        (command exited with non-zero exit code)
[Tue Mar 10 07:44:09 2026]
Error in rule profileSpeciesAbundances:
    message: None
    jobid: 263
    input: /dfs7/xuek5-lab/shared/compressed_raw_data_backup/kxue/230703-16S-wgs-Phase6/e0026_GAGGAAGTAA_ACTAGCGCTA-GAGGAAGTAA_L001_R1_001.fastq.gz, /dfs7/xuek5-lab/shared/compressed_raw_data_backup/kxue/230703-16S-wgs-Phase6/e0026_GAGGAAGTAA_ACTAGCGCTA-GAGGAAGTAA_L001_R2_001.fastq.gz
    output: workflow/out/midasOutput/XOA_064/species/species_profile.txt
    log: workflow/logs/midas_species/XOA_064.log (check log file(s) for error details)
    shell:
        
        set -euo pipefail
    
        mkdir -p $(dirname workflow/logs/midas_species/XOA_064.log)
    
        source /dfs7/xuek5-lab/aespelet/miniforge3/etc/profile.d/conda.sh
        conda activate midas_runtime2
    
        export PATH="$CONDA_PREFIX/bin:$PATH"
        export PYTHONPATH="/dfs7/xuek5-lab/aespelet/tools/MIDAS:${PYTHONPATH:-}"
    
       python /dfs7/xuek5-lab/aespelet/tools/MIDAS/scripts/run_midas.py species workflow/out/midasOutput/XOA_064 \
       -d /dfs7/xuek5-lab/shared/public_datasets/midas_db_v1.2 \
       -1 /dfs7/xuek5-lab/shared/compressed_raw_data_backup/kxue/230703-16S-wgs-Phase6/e0026_GAGGAAGTAA_ACTAGCGCTA-GAGGAAGTAA_L001_R1_001.fastq.gz -2 /dfs7/xuek5-lab/shared/compressed_raw_data_backup/kxue/230703-16S-wgs-Phase6/e0026_GAGGAAGTAA_ACTAGCGCTA-GAGGAAGTAA_L001_R2_001.fastq.gz -t 1 \
        &> workflow/logs/midas_species/XOA_064.log
        
        (command exited with non-zero exit code)
[Tue Mar 10 07:44:09 2026]
Error in rule profileSpeciesAbundances:
    message: None
    jobid: 201
    input: /dfs7/xuek5-lab/shared/compressed_raw_data_backup/kxue/230703-16S-wgs-Phase6/e0026_CATTGGTCAA_GCGTGGATGG-CATTGGTCAA_L001_R1_001.fastq.gz, /dfs7/xuek5-lab/shared/compressed_raw_data_backup/kxue/230703-16S-wgs-Phase6/e0026_CATTGGTCAA_GCGTGGATGG-CATTGGTCAA_L001_R2_001.fastq.gz
    output: workflow/out/midasOutput/XKA_064/species/species_profile.txt
    log: workflow/logs/midas_species/XKA_064.log (check log file(s) for error details)
    shell:
        
        set -euo pipefail
    
        mkdir -p $(dirname workflow/logs/midas_species/XKA_064.log)
    
        source /dfs7/xuek5-lab/aespelet/miniforge3/etc/profile.d/conda.sh
        conda activate midas_runtime2
    
        export PATH="$CONDA_PREFIX/bin:$PATH"
        export PYTHONPATH="/dfs7/xuek5-lab/aespelet/tools/MIDAS:${PYTHONPATH:-}"
    
       python /dfs7/xuek5-lab/aespelet/tools/MIDAS/scripts/run_midas.py species workflow/out/midasOutput/XKA_064 \
       -d /dfs7/xuek5-lab/shared/public_datasets/midas_db_v1.2 \
       -1 /dfs7/xuek5-lab/shared/compressed_raw_data_backup/kxue/230703-16S-wgs-Phase6/e0026_CATTGGTCAA_GCGTGGATGG-CATTGGTCAA_L001_R1_001.fastq.gz -2 /dfs7/xuek5-lab/shared/compressed_raw_data_backup/kxue/230703-16S-wgs-Phase6/e0026_CATTGGTCAA_GCGTGGATGG-CATTGGTCAA_L001_R2_001.fastq.gz -t 1 \
        &> workflow/logs/midas_species/XKA_064.log
        
        (command exited with non-zero exit code)
[Tue Mar 10 07:44:09 2026]
Error in rule profileSpeciesAbundances:
    message: None
    jobid: 261
    input: /dfs7/xuek5-lab/shared/compressed_raw_data_backup/kxue/230703-16S-wgs-Phase6/e0026_AGGCTGAACG_GCTTCATATT-AGGCTGAACG_L001_R1_001.fastq.gz, /dfs7/xuek5-lab/shared/compressed_raw_data_backup/kxue/230703-16S-wgs-Phase6/e0026_AGGCTGAACG_GCTTCATATT-AGGCTGAACG_L001_R2_001.fastq.gz
    output: workflow/out/midasOutput/XOA_036/species/species_profile.txt
    log: workflow/logs/midas_species/XOA_036.log (check log file(s) for error details)
    shell:
        
        set -euo pipefail
    
        mkdir -p $(dirname workflow/logs/midas_species/XOA_036.log)
    
        source /dfs7/xuek5-lab/aespelet/miniforge3/etc/profile.d/conda.sh
        conda activate midas_runtime2
    
        export PATH="$CONDA_PREFIX/bin:$PATH"
        export PYTHONPATH="/dfs7/xuek5-lab/aespelet/tools/MIDAS:${PYTHONPATH:-}"
    
       python /dfs7/xuek5-lab/aespelet/tools/MIDAS/scripts/run_midas.py species workflow/out/midasOutput/XOA_036 \
       -d /dfs7/xuek5-lab/shared/public_datasets/midas_db_v1.2 \
       -1 /dfs7/xuek5-lab/shared/compressed_raw_data_backup/kxue/230703-16S-wgs-Phase6/e0026_AGGCTGAACG_GCTTCATATT-AGGCTGAACG_L001_R1_001.fastq.gz -2 /dfs7/xuek5-lab/shared/compressed_raw_data_backup/kxue/230703-16S-wgs-Phase6/e0026_AGGCTGAACG_GCTTCATATT-AGGCTGAACG_L001_R2_001.fastq.gz -t 1 \
        &> workflow/logs/midas_species/XOA_036.log
        
        (command exited with non-zero exit code)
Complete log(s): /dfs7/xuek5-lab/aespelet/myrepos/abx-response-invitro/.snakemake/log/2026-03-10T074402.285317.snakemake.log
WorkflowError:
At least one job did not complete successfully.
